参考 https://blog.csdn.net/xiaowu_zhu/article/details/83024558
git log
git rebase -i caf4d18ca6f5ebf67d9eec42ae005beed23b7bab #当前提交后基线
git rebase --continue
git rebase --continue
git push -f    #强制推送

本地日志时间是对的，
服务器时间是最后一次push时间

git rebase -i --root
git commit --amend --author "yibei <yibei8811@gmail.com>"
git rebase --continue
git log
git push -f



$  git rebase -i --root
Stopped at eb3fe7a...  add question
You can amend the commit now, with

  git commit --amend

Once you are satisfied with your changes, run

  git rebase --continue

yibei-Air MINGW64 /d/workspaces/workpy/yibei8811/algorithm/codingInterview (master|REBASE-i 1/3)
$ git commit --amend --author "yibei <yibei8811@gmail.com>"
[detached HEAD a8fc0b9] add question
 Date: Mon Dec 21 17:13:28 2020 +0800
 1 file changed, 0 insertions(+), 0 deletions(-)
 create mode 100644 codingInterview/003/question.png

yibei-Air MINGW64 /d/workspaces/workpy/yibei8811/algorithm/codingInterview (master|REBASE-i 1/3)
$ git rebase --continue
Successfully rebased and updated refs/heads/master.

yibei-Air MINGW64 /d/workspaces/workpy/yibei8811/algorithm/codingInterview (master)
$ git log
commit 1804400e6815a770dfe71706682fc7852a5ec47d (HEAD -> master)
Author: yibei <yibei8811@gmail.com>
Date:   Wed Dec 23 17:40:00 2020 +0800

    add code

commit 88d84e5e45dfd296331291fbfc3d5234562b1eb8
Author: yibei <yibei8811@gmail.com>
Date:   Tue Dec 22 17:34:58 2020 +0800

    add code

commit a8fc0b9131d4a00b98bcd78cc14634cef0e20dd4
Author: yibei <yibei8811@gmail.com>
Date:   Mon Dec 21 17:13:28 2020 +0800

    add question

yibei-Air MINGW64 /d/workspaces/workpy/yibei8811/algorithm/codingInterview (master)
$ git push -f
Username for 'https://github.com': yibei8811@gmail.com
Enumerating objects: 22, done.
Counting objects: 100% (22/22), done.
Delta compression using up to 4 threads
Compressing objects: 100% (17/17), done.
Writing objects: 100% (22/22), 950.29 KiB | 14.85 MiB/s, done.
Total 22 (delta 1), reused 0 (delta 0)
remote: Resolving deltas: 100% (1/1), done.
To https://github.com/yibei8811/algorithm.git
 + b96f560...1804400 master -> master (forced update)
